
*******************************************************

Cell: Counter    View: behavioural    Library: work

*******************************************************


 Cell        Library  References     Total Area

and02        tsmc035_typ     2 x      1      3 gates
aoi221       tsmc035_typ     1 x      2      2 gates
aoi322       tsmc035_typ     1 x      2      2 gates
aoi422       tsmc035_typ     1 x      3      3 gates
dffr         tsmc035_typ     8 x      6     45 gates
inv01        tsmc035_typ     3 x      1      2 gates
inv02        tsmc035_typ     9 x      1      7 gates
nand02       tsmc035_typ     5 x      1      5 gates
nand02_2x    tsmc035_typ     2 x      1      2 gates
nand03       tsmc035_typ     2 x      1      2 gates
nand03_2x    tsmc035_typ     1 x      1      1 gates
nand04_2x    tsmc035_typ     1 x      2      2 gates
nor02_2x     tsmc035_typ    10 x      1     10 gates
nor02ii      tsmc035_typ     1 x      1      1 gates
nor03_2x     tsmc035_typ     4 x      1      5 gates
oai21        tsmc035_typ     4 x      1      5 gates
oai22        tsmc035_typ     1 x      1      1 gates
oai322       tsmc035_typ     1 x      3      3 gates
xnor2        tsmc035_typ     9 x      2     17 gates

 Number of ports :                      15
 Number of nets :                       83
 Number of instances :                  66
 Number of references to this view :     0

Total accumulated area : 
 Number of gates :                     119
 Number of accumulated instances :      66
